nftset=/grok.com/4#inet#fw4#vpn_domains
nftset=/groq.com/4#inet#fw4#vpn_domains
nftset=/chat.com/4#inet#fw4#vpn_domains
nftset=/chat.openai.com.cdn.cloudflare.net/4#inet#fw4#vpn_domains
nftset=/chatgpt.com/4#inet#fw4#vpn_domains
nftset=/ngrok.com/4#inet#fw4#vpn_domains
nftset=/openai.com/4#inet#fw4#vpn_domains
nftset=/graylog.org/4#inet#fw4#vpn_domains
nftset=/terraform.io/4#inet#fw4#vpn_domains
nftset=/tik-tokapi.com/4#inet#fw4#vpn_domains
nftset=/tiktok.com/4#inet#fw4#vpn_domains
nftset=/tiktokcdn-eu.com/4#inet#fw4#vpn_domains
nftset=/tiktokcdn-us.com/4#inet#fw4#vpn_domains
nftset=/tiktokcdn.com/4#inet#fw4#vpn_domains
nftset=/tiktokd.net/4#inet#fw4#vpn_domains
nftset=/tiktokd.org/4#inet#fw4#vpn_domains
nftset=/tiktokv.com/4#inet#fw4#vpn_domains
nftset=/tiktokv.eu/4#inet#fw4#vpn_domains
nftset=/tiktokv.us/4#inet#fw4#vpn_domains
nftset=/tiktokw.us/4#inet#fw4#vpn_domains
nftset=/whatsapp.biz/4#inet#fw4#vpn_domains
nftset=/whatsapp.com/4#inet#fw4#vpn_domains
nftset=/whatsapp.net/4#inet#fw4#vpn_domains
nftset=/speedtest.net/4#inet#fw4#vpn_domains
nftset=/trae.ai/4#inet#fw4#vpn_domains
nftset=/trae.com/4#inet#fw4#vpn_domains
nftset=/trae.com.cn/4#inet#fw4#vpn_domains
nftset=/mchost.guru/4#inet#fw4#vpn_domains
nftset=/byteoversea.com/4#inet#fw4#vpn_domains
nftset=/traecdn.ai/4#inet#fw4#vpn_domains
nftset=/vmware.com/4#inet#fw4#vpn_domains
nftset=/twitter.biz/4#inet#fw4#vpn_domains
nftset=/twitter.com/4#inet#fw4#vpn_domains
nftset=/twitter.jp/4#inet#fw4#vpn_domains
nftset=/twittercommunity.com/4#inet#fw4#vpn_domains
nftset=/twitterflightschool.com/4#inet#fw4#vpn_domains
nftset=/twitterinc.com/4#inet#fw4#vpn_domains
nftset=/twitteroauth.com/4#inet#fw4#vpn_domains
nftset=/twitterstat.us/4#inet#fw4#vpn_domains
nftset=/xsts.auth.xboxlive.com/4#inet#fw4#vpn_domains
nftset=/linkedin.com/4#inet#fw4#vpn_domains
nftset=/jetbrains.com/4#inet#fw4#vpn_domains
nftset=/jetbrains.space/4#inet#fw4#vpn_domains
nftset=/api.jetbrains.ai/4#inet#fw4#vpn_domains
nftset=/2fa.telegram.org/4#inet#fw4#vpn_domains
nftset=/abuse.telegram.org/4#inet#fw4#vpn_domains
nftset=/account.telegram.org/4#inet#fw4#vpn_domains
nftset=/admin.telegram.org/4#inet#fw4#vpn_domains
nftset=/alpha.telegram.org/4#inet#fw4#vpn_domains
nftset=/analytics.telegram.org/4#inet#fw4#vpn_domains
nftset=/android.telegram.org/4#inet#fw4#vpn_domains
nftset=/api.t.me/4#inet#fw4#vpn_domains
nftset=/api.telegram.org/4#inet#fw4#vpn_domains
nftset=/api1.telegram.org/4#inet#fw4#vpn_domains
nftset=/api2.telegram.org/4#inet#fw4#vpn_domains
nftset=/api3.telegram.org/4#inet#fw4#vpn_domains
nftset=/api-docs.telegram.org/4#inet#fw4#vpn_domains
nftset=/apollo.telegram.org/4#inet#fw4#vpn_domains
nftset=/ares.telegram.org/4#inet#fw4#vpn_domains
nftset=/assets.telegram.org/4#inet#fw4#vpn_domains
nftset=/athena.telegram.org/4#inet#fw4#vpn_domains
nftset=/aurora.telegram.org/4#inet#fw4#vpn_domains
nftset=/auth.telegram.org/4#inet#fw4#vpn_domains
nftset=/beta.telegram.org/4#inet#fw4#vpn_domains
nftset=/blog.telegram.org/4#inet#fw4#vpn_domains
nftset=/bot.t.me/4#inet#fw4#vpn_domains
nftset=/bot.telegram.org/4#inet#fw4#vpn_domains
nftset=/bots.telegram.org/4#inet#fw4#vpn_domains
nftset=/business.telegram.org/4#inet#fw4#vpn_domains
nftset=/careers.telegram.org/4#inet#fw4#vpn_domains
nftset=/cdn.telegram.org/4#inet#fw4#vpn_domains
nftset=/cdn1.telegram.org/4#inet#fw4#vpn_domains
nftset=/cdn2.telegram.org/4#inet#fw4#vpn_domains
nftset=/cdn3.telegram.org/4#inet#fw4#vpn_domains
nftset=/cdn4.telegram.org/4#inet#fw4#vpn_domains
nftset=/cdn5.telegram.org/4#inet#fw4#vpn_domains
nftset=/cdn6.telegram.org/4#inet#fw4#vpn_domains
nftset=/cdn7.telegram.org/4#inet#fw4#vpn_domains
nftset=/cdn8.telegram.org/4#inet#fw4#vpn_domains
nftset=/cdn9.telegram.org/4#inet#fw4#vpn_domains
nftset=/changelog.telegram.org/4#inet#fw4#vpn_domains
nftset=/channels.telegram.org/4#inet#fw4#vpn_domains
nftset=/community.telegram.org/4#inet#fw4#vpn_domains
nftset=/contact.telegram.org/4#inet#fw4#vpn_domains
nftset=/contest.telegram.org/4#inet#fw4#vpn_domains
nftset=/control.telegram.org/4#inet#fw4#vpn_domains
nftset=/core.telegram.org/4#inet#fw4#vpn_domains
nftset=/corp.telegram.org/4#inet#fw4#vpn_domains
nftset=/dashboard.telegram.org/4#inet#fw4#vpn_domains
nftset=/dc1.telegram.org/4#inet#fw4#vpn_domains
nftset=/dc2.telegram.org/4#inet#fw4#vpn_domains
nftset=/dc3.telegram.org/4#inet#fw4#vpn_domains
nftset=/dc4.telegram.org/4#inet#fw4#vpn_domains
nftset=/dc5.telegram.org/4#inet#fw4#vpn_domains
nftset=/de.telegram.org/4#inet#fw4#vpn_domains
nftset=/demo.telegram.org/4#inet#fw4#vpn_domains
nftset=/desktop.telegram.org/4#inet#fw4#vpn_domains
nftset=/dev.t.me/4#inet#fw4#vpn_domains
nftset=/dev.telegram.org/4#inet#fw4#vpn_domains
nftset=/developers.telegram.org/4#inet#fw4#vpn_domains
nftset=/devtest.telegram.org/4#inet#fw4#vpn_domains
nftset=/docs.telegram.org/4#inet#fw4#vpn_domains
nftset=/donate.telegram.org/4#inet#fw4#vpn_domains
nftset=/email.telegram.org/4#inet#fw4#vpn_domains
nftset=/enterprise.telegram.org/4#inet#fw4#vpn_domains
nftset=/faq.telegram.org/4#inet#fw4#vpn_domains
nftset=/feedback.telegram.org/4#inet#fw4#vpn_domains
nftset=/files.telegram.org/4#inet#fw4#vpn_domains
nftset=/flora.telegram.org/4#inet#fw4#vpn_domains
nftset=/forum.telegram.org/4#inet#fw4#vpn_domains
nftset=/fr.telegram.org/4#inet#fw4#vpn_domains
nftset=/ftp.telegram.org/4#inet#fw4#vpn_domains
nftset=/groups.telegram.org/4#inet#fw4#vpn_domains
nftset=/hades.telegram.org/4#inet#fw4#vpn_domains
nftset=/health.telegram.org/4#inet#fw4#vpn_domains
nftset=/help.telegram.org/4#inet#fw4#vpn_domains
nftset=/hermes.telegram.org/4#inet#fw4#vpn_domains
nftset=/hire.telegram.org/4#inet#fw4#vpn_domains
nftset=/i18n.telegram.org/4#inet#fw4#vpn_domains
nftset=/image.telegram.org/4#inet#fw4#vpn_domains
nftset=/imap.telegram.org/4#inet#fw4#vpn_domains
nftset=/img.telegram.org/4#inet#fw4#vpn_domains
nftset=/internal.telegram.org/4#inet#fw4#vpn_domains
nftset=/ios.telegram.org/4#inet#fw4#vpn_domains
nftset=/jobs.telegram.org/4#inet#fw4#vpn_domains
nftset=/l10n.telegram.org/4#inet#fw4#vpn_domains
nftset=/lang.telegram.org/4#inet#fw4#vpn_domains
nftset=/linux.telegram.org/4#inet#fw4#vpn_domains
nftset=/local.telegram.org/4#inet#fw4#vpn_domains
nftset=/login.telegram.org/4#inet#fw4#vpn_domains
nftset=/macos.telegram.org/4#inet#fw4#vpn_domains
nftset=/mail.telegram.org/4#inet#fw4#vpn_domains
nftset=/manager.telegram.org/4#inet#fw4#vpn_domains
nftset=/media.telegram.org/4#inet#fw4#vpn_domains
nftset=/merch.telegram.org/4#inet#fw4#vpn_domains
nftset=/metrics.telegram.org/4#inet#fw4#vpn_domains
nftset=/mobile.telegram.org/4#inet#fw4#vpn_domains
nftset=/monitor.telegram.org/4#inet#fw4#vpn_domains
nftset=/mtproto.telegram.org/4#inet#fw4#vpn_domains
nftset=/my.telegram.org/4#inet#fw4#vpn_domains
nftset=/news.telegram.org/4#inet#fw4#vpn_domains
nftset=/panel.telegram.org/4#inet#fw4#vpn_domains
nftset=/passport.telegram.org/4#inet#fw4#vpn_domains
nftset=/ping.telegram.org/4#inet#fw4#vpn_domains
nftset=/pluto.telegram.org/4#inet#fw4#vpn_domains
nftset=/pop.telegram.org/4#inet#fw4#vpn_domains
nftset=/poseidon.telegram.org/4#inet#fw4#vpn_domains
nftset=/premium.telegram.org/4#inet#fw4#vpn_domains
nftset=/private.telegram.org/4#inet#fw4#vpn_domains
nftset=/protocol.telegram.org/4#inet#fw4#vpn_domains
nftset=/report.telegram.org/4#inet#fw4#vpn_domains
nftset=/ru.telegram.org/4#inet#fw4#vpn_domains
nftset=/sandbox.telegram.org/4#inet#fw4#vpn_domains
nftset=/schema.telegram.org/4#inet#fw4#vpn_domains
nftset=/security.telegram.org/4#inet#fw4#vpn_domains
nftset=/shop.telegram.org/4#inet#fw4#vpn_domains
nftset=/smtp.telegram.org/4#inet#fw4#vpn_domains
nftset=/ssh.telegram.org/4#inet#fw4#vpn_domains
nftset=/staging.telegram.org/4#inet#fw4#vpn_domains
nftset=/static.telegram.org/4#inet#fw4#vpn_domains
nftset=/stats.telegram.org/4#inet#fw4#vpn_domains
nftset=/status.telegram.org/4#inet#fw4#vpn_domains
nftset=/store.telegram.org/4#inet#fw4#vpn_domains
nftset=/support.telegram.org/4#inet#fw4#vpn_domains
nftset=/system.telegram.org/4#inet#fw4#vpn_domains
nftset=/t.me/4#inet#fw4#vpn_domains
nftset=/tdesktop.telegram.org/4#inet#fw4#vpn_domains
nftset=/tdlib.telegram.org/4#inet#fw4#vpn_domains
nftset=/teleg.xyz/4#inet#fw4#vpn_domains
nftset=/telegram.ai/4#inet#fw4#vpn_domains
nftset=/telegram.asia/4#inet#fw4#vpn_domains
nftset=/telegram.biz/4#inet#fw4#vpn_domains
nftset=/telegram.cloud/4#inet#fw4#vpn_domains
nftset=/telegram.cn/4#inet#fw4#vpn_domains
nftset=/telegram.co/4#inet#fw4#vpn_domains
nftset=/telegram.com/4#inet#fw4#vpn_domains
nftset=/telegram.de/4#inet#fw4#vpn_domains
nftset=/telegram.dev/4#inet#fw4#vpn_domains
nftset=/telegram.dog/4#inet#fw4#vpn_domains
nftset=/telegram.eu/4#inet#fw4#vpn_domains
nftset=/telegram.fr/4#inet#fw4#vpn_domains
nftset=/telegram.host/4#inet#fw4#vpn_domains
nftset=/telegram.in/4#inet#fw4#vpn_domains
nftset=/telegram.info/4#inet#fw4#vpn_domains
nftset=/telegram.io/4#inet#fw4#vpn_domains
nftset=/telegram.jp/4#inet#fw4#vpn_domains
nftset=/telegram.me/4#inet#fw4#vpn_domains
nftset=/telegram.net/4#inet#fw4#vpn_domains
nftset=/telegram.org/4#inet#fw4#vpn_domains
nftset=/telegram.qa/4#inet#fw4#vpn_domains
nftset=/telegram.ru/4#inet#fw4#vpn_domains
nftset=/telegram.services/4#inet#fw4#vpn_domains
nftset=/telegram.solutions/4#inet#fw4#vpn_domains
nftset=/telegram.space/4#inet#fw4#vpn_domains
nftset=/telegram.team/4#inet#fw4#vpn_domains
nftset=/telegram.tech/4#inet#fw4#vpn_domains
nftset=/telegram.uk/4#inet#fw4#vpn_domains
nftset=/telegram.us/4#inet#fw4#vpn_domains
nftset=/telegram.website/4#inet#fw4#vpn_domains
nftset=/telegram.xyz/4#inet#fw4#vpn_domains
nftset=/telegramapp.org/4#inet#fw4#vpn_domains
nftset=/telesco.pe/4#inet#fw4#vpn_domains
nftset=/test.telegram.org/4#inet#fw4#vpn_domains
nftset=/testing.telegram.org/4#inet#fw4#vpn_domains
nftset=/tg.dev/4#inet#fw4#vpn_domains
nftset=/tg.org/4#inet#fw4#vpn_domains
nftset=/tgandroid.telegram.org/4#inet#fw4#vpn_domains
nftset=/tgios.telegram.org/4#inet#fw4#vpn_domains
nftset=/tgram.org/4#inet#fw4#vpn_domains
nftset=/tgraph.telegram.org/4#inet#fw4#vpn_domains
nftset=/torg.org/4#inet#fw4#vpn_domains
nftset=/translate.telegram.org/4#inet#fw4#vpn_domains
nftset=/translations.telegram.org/4#inet#fw4#vpn_domains
nftset=/updates.telegram.org/4#inet#fw4#vpn_domains
nftset=/uptime.telegram.org/4#inet#fw4#vpn_domains
nftset=/venus.telegram.org/4#inet#fw4#vpn_domains
nftset=/verify.telegram.org/4#inet#fw4#vpn_domains
nftset=/vesta.telegram.org/4#inet#fw4#vpn_domains
nftset=/web.t.me/4#inet#fw4#vpn_domains
nftset=/web.telegram.org/4#inet#fw4#vpn_domains
nftset=/webk.telegram.org/4#inet#fw4#vpn_domains
nftset=/windows.telegram.org/4#inet#fw4#vpn_domains
nftset=/zeus.telegram.org/4#inet#fw4#vpn_domains
nftset=/deepl.com/4#inet#fw4#vpn_domains

